// Jest Snapshot v1, https://goo.gl/fbAQLP

exports[`Button render 1`] = `<div><button></button></div>`;

exports[`Button renders correctly 1`] = `<div><button>First Button</button></div>`;
